1 1 NAME N9y1DoFOKE
1 2 NAME Tx7NFX5WOD
1 4 NAME HCvcOkJuyj
1 5 NAME TPjNA9WiM
1 6 NAME uY0xlgukjW
1 7 NAME JAHPS7Rto
1 8 NAME i5ZgLbCF35
1 9 NAME is39BdrJwo
1 10 NAME yKp4Z6sIPM
1 11 NAME VjYR2d79ED
1 12 NAME E7eXqwVXs
1 13 NAME tuk1KJ1Prr
1 14 NAME fgdtY9otHI
1 15 NAME Ujneb7FDDD
1 16 NAME rbpgQ8R2aY
1 17 NAME Dbu1JBWgws
1 18 NAME NsdAvpkpNG
1 19 NAME uEBCcjM6yF
1 20 NAME KpPB3YWEA2
1 21 NAME SntA0qrvhr
1 22 NAME vbddMqSS1M
1 23 NAME ANV7DlMC90
1 24 NAME xQw1lJV7pG
1 25 NAME AWDS7Iv56U
1 27 NAME a2uEKZX1gx
1 28 NAME aWfVTFK4Uj
1 29 NAME gQThO5Q0Lw
1 30 NAME Q6nd0uI1jU
1 31 NAME ssL1lfgXua
1 32 NAME pQgOtC7y6R
1 33 NAME UKs1pSC8E
1 34 NAME oixmbEnqYg
1 35 NAME ytShETcVj
1 36 NAME LlBrsJVtHA
1 37 NAME AQdbKxKKAw
1 38 NAME I5aHW4akF9
1 39 NAME pXwUDsLD42
1 40 NAME JkSvaCpajc
1 41 NAME TNK7rtQqmj
1 42 NAME wK9A84LHQl
1 43 NAME HY3hQcPfw9
1 44 NAME MaaPYT3AXR
1 45 NAME CtKNBCqwiZ
1 46 NAME WOjnspkI2w
1 47 NAME p3uL4VnqtX
1 48 NAME bYtKtncvut
1 49 NAME di9DbuPduG
1 50 NAME OZNIfCneQu
1 51 NAME vFFDhUCjP
1 53 NAME IiNw7KsJ58
1 54 NAME yRAnJiuEdO
1 55 NAME e1Dfd7GBUG
1 56 NAME eSETVPAkoU
1 57 NAME EvZPgi9Ks
1 58 NAME SC3mpuN9Bi
1 59 NAME TZYiLmopzC
1 60 NAME h4zw7N5ZsG
1 61 NAME vK2vD35aVq
1 62 NAME a2Em85fxoL
1 63 NAME Fd6mQCHYKA
1 64 NAME G2CAyP85u
1 65 NAME jU4xx41gn
1 66 NAME KaDGZscnGa
1 67 NAME qIQpm2KnUK
1 68 NAME CnCw1qKZAK
1 69 NAME vzSdz4169G
1 70 NAME n5ap9wzvn
1 71 NAME bGVeKrWyA
1 72 NAME mk1KAF3YVm
1 73 NAME LvfYUwY5OU
1 74 NAME LUVIxwswdD
1 75 NAME LagJ0Q8DWx
1 76 NAME LxGgGIThK
1 77 NAME z31trQ1VZC
1 78 NAME eeCMw9Lc45
1 79 NAME XvKaaWeMVJ
1 80 NAME nbwnuC7VSQ
1 81 NAME kb1PyYHL4L
1 82 NAME mBii1n25Bi
1 83 NAME H1fUuaybeC
1 84 NAME XI8YK59WxN
1 85 NAME r0T7KhKjkI
1 86 NAME xPLCy1JVqJ
1 87 NAME QSpX1VVSdW
1 88 NAME wuzAdYux4
1 89 NAME AiF26BUTzm
1 90 NAME Rob6iO8fZU
1 91 NAME OIGwWv712h
1 92 NAME QFioRnrkW1
1 93 NAME IAENLPlGZw
1 94 NAME rftI2wBqWJ
1 95 NAME ejmgs0AQc3
1 96 NAME Zs6u8nIeF
1 97 NAME APTfAURbLQ
1 98 NAME VPpuKIY1m5
1 99 NAME DQ00TlFFeU
1 100 NAME nnmkJ5GSsu
1 101 NAME C917CGDJsx
1 102 NAME O4UEnJTUUN
1 103 NAME crkjaBFJyW
1 104 NAME rAmPTOHyuw
1 105 NAME d30CmQp4uc
1 106 NAME WiRtoJ7MSa
1 107 NAME cfcKCcntL8
1 108 NAME AEBmmveuG0
1 109 NAME Rb1qoxODxi
1 110 NAME y13BVeQWBO
1 111 NAME DtO149SxRR
1 112 NAME tKG026HkTu
1 113 NAME fPZQchAoy
1 114 NAME ziFxsDMnG
1 115 NAME L5DvgYhTyg
1 116 NAME bFxbXe17Z
1 117 NAME E6Hg344Xed
1 118 NAME p6rJx32ZX4
1 119 NAME qI3jg1G1zk
1 120 NAME Bu3GW7ONsl
1 121 NAME ZCBOWitgxw
1 122 NAME lMghY7nDBN
1 123 NAME yhbiWQEj9K
1 124 NAME OFfRSB70GH
1 125 NAME JcKKb5fcPx
1 126 NAME ZLZFmuTR0q
1 127 NAME rLhuEGbikd
1 128 NAME Xcec1R4ygF
1 129 NAME tdmgcfuXir
1 130 NAME iwLuCOv6cj
1 131 NAME p5YsOp5qY
1 132 NAME u3jef0XREr
1 133 NAME krAsmFpQNE
1 134 NAME oJFJUC4FZK
1 135 NAME kXbDiz47Mq
1 136 NAME nl5h2kiKDI
1 137 NAME FbWXAAnLcJ
1 138 NAME YvijfJVVqw
1 139 NAME wOR1ATsBxy
1 140 NAME GfeOOzz2wI
1 141 NAME EstVs2FAAg
1 142 NAME DFFJGpvudM
1 143 NAME GRJQPz9AQO
1 144 NAME uY9xznSnOP
1 145 NAME Iw2Va29Ec8
1 146 NAME MKWw9hhFJw
1 147 NAME kOtREG9SAm
1 148 NAME tDxel9aIJ
1 149 NAME PQQcIYrdY
1 150 NAME GstMHJHk9W
1 152 NAME ZWu2P7XFEP
1 153 NAME ZDUJYNrUhi
1 154 NAME WuKDg35QmF
1 155 NAME SxgOIef9LU
1 156 NAME wrsuJPicK2
1 157 NAME VhWw9Ym3AE
1 158 NAME QlbsulIrm
1 159 NAME PEMpsBhZDU
1 160 NAME r89ni6yojG
1 161 NAME knqDFm4P8l
1 162 NAME NSpbkHvOBX
1 163 NAME MszrxIlMuh
1 164 NAME uxMm87u1rL
1 165 NAME xMCxnDCWy
1 166 NAME JMTtBCIwru
1 167 NAME PWF4jUpl1t
1 168 NAME My2MXXjpox
1 169 NAME HJbuy1gt8W
1 170 NAME m0plu0doD
1 171 NAME N4uMRe8Pcn
1 172 NAME u4Qs9DZJzn
1 173 NAME GIr17Prg1F
1 174 NAME fFsZxXraZ0
1 175 NAME H2hi0ZRUJ2
1 176 NAME g8Sm4ibqRH
1 177 NAME e8EXZNnIRt
1 178 NAME CWaWW0HacB
1 179 NAME BcxrZ7lLKq
1 180 NAME tvCWSDs16N
1 181 NAME Ekh6uAWrxS
1 182 NAME JCk3NChSwg
1 183 NAME rJ5ocUnN5m
1 184 NAME vasvjwcG2Q
1 185 NAME Z8GwZ0RM6
1 186 NAME xNDUebJUAE
1 187 NAME skZDXuFCmE
1 188 NAME wRmMpyoBd
1 190 NAME rXDpBGXJo6
1 191 NAME IwIX0tLBr2
1 192 NAME t7I5vZsoc
1 193 NAME Fu3Ico5w6h
1 194 NAME FMnkh8S3jw
1 195 NAME noBGgxsI2
1 196 NAME loXp1pUAyi
1 197 NAME IErFwfUUNP
1 198 NAME vRTOaryYe0
1 199 NAME utxEcdVB3m
1 200 NAME ZauYgQiDkV
1 201 NAME fbGr10E7uv
1 202 NAME w56tu3UjZQ
1 203 NAME Rxw7XlStKo
1 205 NAME YrNjKOO76x
1 206 NAME FZT1Zee26g
1 207 NAME nt4iBvpZJV
1 208 NAME fQUT6UEr5E
1 209 NAME z8jfWmpKGP
1 210 NAME TMwQqXZBmy
1 211 NAME ZJ4KN4Vj4y
1 212 NAME xNjuxo6Eb9
1 213 NAME arM9Bs6xl
1 214 NAME aqoKveJdtP
1 215 NAME Yay8ZcGKlD
1 216 NAME jjHgL0b0H3
1 217 NAME EIAgbDghOq
1 218 NAME HL9LVGjTk
1 219 NAME WcpGUsqy3H
1 220 NAME mkDLlkUua
1 221 NAME qBZMdSf8v
1 222 NAME Hxf177KzLX
1 223 NAME sw2g30JJJn
1 225 NAME hKS0xUGNDs
1 226 NAME JOrZJ0coKI
1 227 NAME LkQEl4l0rI
1 228 NAME ZZNUjr3mM6
1 229 NAME H8VS6gM9bL
1 230 NAME vHWjvPJ1pE
1 231 NAME nNXr6C5Gf1
1 232 NAME oFHJp5qTnz
1 233 NAME jTHTFGx23b
1 234 NAME ub9SWaHQiy
1 235 NAME AzUIP5isEu
1 236 NAME oG0n6FlxSz
1 237 NAME FbC8JbbHnh
1 238 NAME sTjukrj9p
1 239 NAME rBVlcR7zCn
1 240 NAME e58Cu4OH2H
1 241 NAME wj9IooAo0E
1 242 NAME sHnRZyfd3k
1 243 NAME SRBArAAaN
1 244 NAME LJNgFGRoN
1 245 NAME l0bNKdX1zf
1 246 NAME sXrV8WgoXI
1 247 NAME n3qnlZ7JXT
1 248 NAME Uonloxfhve
1 249 NAME KktYwPhZ0W
1 250 NAME wy6E6iGUZ8
1 251 NAME yFGx0WbjeR
1 252 NAME ppTKJE8XLH
1 253 NAME fY6tx4ngdC
1 254 NAME yw6xKD5iEG
1 255 NAME lRRVcw4LrN
1 256 NAME TufwwmT44V
1 257 NAME bYPRQd6cb1
1 258 NAME eMAZhkPxPP
1 259 NAME y4O9TQY1ka
1 260 NAME ENYKlRNCXl
1 261 NAME eUkNf1tGR
1 262 NAME rS2YsZZcNd
1 263 NAME zeebqeP63
1 264 NAME lb3voLq2GI
1 265 NAME d313PfLS0z
1 266 NAME kLavflgOR9
1 267 NAME LZ9hZVr3j
1 268 NAME VHj65eUO1m
1 269 NAME wA5IxDUef0
1 270 NAME PZdJKKENmQ
1 272 NAME FK1gp5ZhzQ
1 273 NAME mHqYIkEY8
1 274 NAME ojUwWKGzve
1 275 NAME pCrScWOzx9
1 276 NAME BRDoXzXuQT
1 277 NAME cd68zmSYvh
1 278 NAME Eqv1sHRAs
1 279 NAME lQZVuUEAN
1 280 NAME AjwhzaFIj7
1 281 NAME GhhO64Z0Zt
1 282 NAME IZpxacRs0Q
1 283 NAME QfKjwWjb9h
1 284 NAME BT1fxAIv0
1 285 NAME OAZfw7LO1s
1 286 NAME NJn8sBlV4v
1 287 NAME n6Nw3rq3EB
1 288 NAME EyJfAQeKa
1 289 NAME H5roLRnXPf
1 290 NAME ixESsZ87A
1 291 NAME xuVGL0qZWG
1 292 NAME VyYYtB24Cx
1 293 NAME HounyFJlDy
1 294 NAME F7ynI9GZYu
1 295 NAME UHdVwKI7J
1 296 NAME jOlzdg5cjc
1 297 NAME qfKc6Tqk3W
1 298 NAME almZ6j8iE
1 299 NAME d6MgJE5GQh
1 300 NAME x8jhitkRY
1 301 NAME eviR7asij
1 302 NAME n4eovA89mD
1 303 NAME su5Z3EPe1f
1 304 NAME haDAC4I28L
1 305 NAME Of0wkPZCiC
1 306 NAME J6W64AjXQq
1 307 NAME QVP0ZLvisg
1 308 NAME X2sBENL5y
1 309 NAME jxD1tkMmp
1 310 NAME XKcZL95B5I
1 311 NAME Z3jkqpkTVh
1 312 NAME FdQVVpblbj
1 313 NAME VQUl1lb04n
1 314 NAME tSz0ujGbB
1 315 NAME ox2BJwiTQ
1 316 NAME PPrewJ1whX
1 317 NAME EfR1dGETMy
1 318 NAME bJKhxbSduA
1 319 NAME CjJNOBqS8d
1 320 NAME ZFX0sQWx5p
1 321 NAME I77lI6K4QV
1 322 NAME XltWueEear
1 323 NAME y6x3LMBqZu
1 324 NAME DsQnJVxPUJ
1 325 NAME hxc7iZjG4z
1 326 NAME KC3uC6cGoC
1 327 NAME JKLiHq38OA
1 328 NAME RmwxZWh2PF
1 329 NAME BxJ8sDKGrJ
1 330 NAME vwYbKH1yx4
1 331 NAME ICHPjCdbeM
1 332 NAME RosWLQlCHv
1 333 NAME lm4bHIsOkO
1 334 NAME IfVBbsMtUn
1 335 NAME ItPEz1thG5
1 336 NAME kjALvp4BsG
1 337 NAME kCooks1hnF
1 338 NAME Sv33OC7Ap9
1 339 NAME e1QAGuuAjA
1 340 NAME WAUCivtT8
1 341 NAME UpnCNO5ogk
1 342 NAME GP7ijovykW
1 343 NAME KCJwql8Fus
1 344 NAME gaLNjjpIak
1 345 NAME XEI4GlJjGI
1 346 NAME l5RwImXbrB
1 347 NAME dVOaYuAlWn
1 348 NAME xishXJFWRW
1 349 NAME XUuiFpJyXe
1 350 NAME pORM3pAp3
1 351 NAME CFb0xwAUEb
1 352 NAME BY82y11guL
1 353 NAME UjPTPrBeF3
1 354 NAME Q51vMlQaVy
1 355 NAME qTkOofURkK
1 356 NAME w3ZqcHAPWd
1 357 NAME IQenPy2myd
1 358 NAME HhXGFq7ERY
1 359 NAME qnblRWwNp1
1 360 NAME hn9eAKUOd2
1 361 NAME gOHWbUgIG8
1 362 NAME q7kJ7JFCiD
1 363 NAME VUF9diSkt5
1 364 NAME yRr3BBmFMC
1 365 NAME wXU6O2zSlj
1 366 NAME YJmKbszK1v
1 367 NAME H7CvPwT2Xx
1 368 NAME Ejw1naJNdu
1 369 NAME Zi8cXjK56z
1 370 NAME mfzNxabTA
1 371 NAME YPywxws3AV
1 372 NAME SbzhTTTdp6
1 373 NAME Ghe9ae3N5T
1 374 NAME qszwhecOxK
1 375 NAME wi7nKn5Fm
1 376 NAME udbdxCXIkC
1 377 NAME T1LTy3fYYj
1 378 NAME FIsnuIbMwd
1 379 NAME L6gkvTPAfY
1 380 NAME qSASE1twix
1 382 NAME J1kLJC6FcG
1 383 NAME Ujt2M48GA
1 384 NAME TIlNsgQVWk
1 385 NAME W4eezq8PeR
1 386 NAME GNAqNCChAn
1 387 NAME r3pkPEcJ5
1 388 NAME PydJpoYipX
1 389 NAME if8UpmdpeG
1 390 NAME HYqWTSF87X
1 391 NAME JeacMROmVy
1 392 NAME WhrqNxG72x
1 393 NAME BFEN4dL9v
1 394 NAME PWQwkQ0MLb
1 395 NAME hxFnc0V2rm
1 396 NAME EHXDGMKuwE
1 397 NAME B4T8zJ3rVX
1 398 NAME r9yPshy3f9
1 399 NAME XaFXUSPNTF
1 400 NAME BTXzdSeYWr
1 401 NAME rieEj23B9
1 402 NAME f1qeUY0KaI
1 403 NAME RSwnkTvJI5
1 404 NAME zqaaQniZfU
1 405 NAME jJGRi87pRM
1 406 NAME gkohZAUfhT
1 407 NAME ILzHK34OpN
1 408 NAME J6USFkCk1i
1 409 NAME knyS42khHR
1 410 NAME MK8eDT0B5f
1 411 NAME UJUQmrYgVz
1 412 NAME xLkCM4s6FJ
1 413 NAME B3TUN9PIVB
1 414 NAME b73ygisDGJ
1 415 NAME RKuqnBlVdS
1 416 NAME y2Vj5DC4IN
1 417 NAME SZYDhyRQ7j
1 418 NAME wzI8z2Uvuu
1 419 NAME YnxBo7ZXNz
1 420 NAME LLqlEBaHBf
1 421 NAME lUXLISpijG
1 422 NAME Z7UGngoHKb
1 423 NAME xUnJydmmHo
1 424 NAME gWxo4kToBV
1 425 NAME m9AL3RnyYr
1 426 NAME i1dCHaf7fQ
1 427 NAME IFIlBg1p8l
1 428 NAME XI3XthGjP5
1 429 NAME GDJzBTqvku
1 430 NAME aaGHp6mYQF
1 431 NAME gzihcmNFsc
1 432 NAME tPJNps7g33
1 433 NAME NvR5h2FkO3
1 434 NAME SUrxRLxcGR
1 435 NAME osUxazJzB6
1 436 NAME UPxPCjy36S
1 438 NAME i3TAUdCC6R
1 439 NAME LZG0p2RcO
1 440 NAME jdMshiI3cc
1 441 NAME zvMAnh3jd
1 442 NAME p4TAwa333e
1 443 NAME lp0jXsNqA7
1 444 NAME KBsq9GZjST
1 445 NAME aTU11QCKe
1 446 NAME vnNIm0db21
1 447 NAME KfvraM62H
1 448 NAME b1Zfe8xCZj
1 449 NAME fgNYWtMUbR
1 451 NAME o1gQNyDN63
1 452 NAME bljb2j5Ddy
1 453 NAME qorgJrf4oc
1 454 NAME BgeUWxHC5y
1 455 NAME P5jpjfddH3
1 456 NAME itKqi7Nxw
1 457 NAME fiYAxLyIOc
1 458 NAME zbRqWTeie0
1 459 NAME Qi0Om9YA7s
1 460 NAME E2zTBW7r1o
1 461 NAME V3ieWwEY0s
1 462 NAME bOAsNNtXNu
1 463 NAME zgOSYwGlR7
1 464 NAME CIsKMQ4PH
1 465 NAME ehYT83fwn2
1 466 NAME YmbOOXpsJ
1 467 NAME PxLGi4y5xB
1 468 NAME AcmzwVMrYt
1 469 NAME X0FCJAmCCL
1 470 NAME nrMBXZBgVq
1 471 NAME a4LMUk3EsX
1 472 NAME HcAiKx2doY
1 473 NAME fjli1TtLle
1 474 NAME a1wSvR1bo9
1 475 NAME prEqQDcXq
1 476 NAME mrYakwa2ca
1 477 NAME p4A9GQPOHY
1 478 NAME iI4RLef6U
1 479 NAME d5X6j9zhJ
1 480 NAME akXTJIdApR
1 481 NAME p9HjzEhhrX
1 482 NAME nr21UlNp0r
1 483 NAME fdFzINVkBJ
1 484 NAME D0sXL5JNKj
1 485 NAME pVYNeUrI8
1 486 NAME TVuVidDRue
1 487 NAME Wryxnz74LV
1 488 NAME X7SMK8U9DY
1 489 NAME QdzAAqMlQ
1 490 NAME iupXyT8DWA
1 491 NAME Z7XrwSwlV9
1 492 NAME wAoR9hSJHM
1 493 NAME RSYZYpEg8
1 494 NAME LujvsTukSe
1 495 NAME xYd6vCP1Qf
1 496 NAME d4WnkPUC2
1 497 NAME E1YNjWxRqp
1 498 NAME qSdsQJFaUQ
1 499 NAME wkziKOgtck
1 500 NAME QkPCnREo1
1 501 NAME dzogpfv6Ba
1 502 NAME Hdfs2lG4MK
1 503 NAME jPmci1PBuY
1 504 NAME BD5H4M21cu
1 505 NAME joYLaZRIZJ
1 506 NAME pZMWhH0Mod
1 507 NAME Ef5dcubvPN
1 508 NAME YQpQ1rUqG
1 510 NAME fJ9UJ5jw1
1 511 NAME ZjUpJJml0
1 512 NAME dVWBXRjC8g
1 513 NAME J9v6QLGdRh
1 514 NAME ZJPlCQP2sM
1 515 NAME AApU1ca1RF
1 516 NAME QIhAZDZa2a
1 517 NAME jnBTaDdpz
1 518 NAME fawPF3T8fk
1 519 NAME dGslfUK3Ww
1 520 NAME HCSxxXPnnE
1 521 NAME BX4tKGEW20
1 522 NAME vcBU6mHzM
1 523 NAME mYgKmtF1xi
1 524 NAME qnfRBTzB0K
1 525 NAME GDFwr0D2ru
1 526 NAME qnCebw1CmO
1 527 NAME SxVjum3aaI
1 528 NAME gHNttlPLj1
1 529 NAME DlHDRBOGTT
1 530 NAME OnKu6LZLC
1 531 NAME KI9B1o0S2K
1 532 NAME X61PGeEvo1
1 533 NAME ILmV96qEuJ
1 534 NAME ANczdLYaqi
1 535 NAME jmgzDZbPl
1 536 NAME xGpTYHAyj
1 537 NAME UMorIFw1uv
1 538 NAME MYmHYhIgc4
1 539 NAME GTTmqxYetP
1 540 NAME TxTp6Zghhr
1 541 NAME BQ3kdbbSAy
1 542 NAME lBANzrTYYo
1 543 NAME XgsVAMusXA
1 544 NAME F81fgCURql
1 545 NAME yUKED1HV0R
1 546 NAME bZII1R6gjx
1 547 NAME ny65gpFYro
1 548 NAME W2kHUGKkVG
1 549 NAME vhjh5ca1ak
1 550 NAME aj4RoCqTtD
1 551 NAME rEWWh4yoC7
1 552 NAME ZH81qzatvo
1 553 NAME Ue7Pi0myOg
1 554 NAME oFaL8o4A1q
1 555 NAME N7L74T003
1 556 NAME NZmCartNMl
1 557 NAME bFrbV7HqBh
1 558 NAME WlPMSqbxc
1 559 NAME QW1hZQEF3k
1 560 NAME QWkePh2IaE
1 561 NAME Ue20dxXR2
1 562 NAME BWa2wdHsJH
1 563 NAME eW9cky1ptx
1 564 NAME w8kng0uqgu
1 565 NAME eilb9ZioMI
1 566 NAME NqiVSV49Ff
1 567 NAME nS0TCNuccD
1 568 NAME jD6xoKKQ5j
1 569 NAME nkbyW2mVkP
1 570 NAME N5zIaYXF5p
1 571 NAME civKwguyRH
1 572 NAME UQGi0lD9yq
1 573 NAME dkixLFHn5g
1 574 NAME hRG1KijU9W
1 575 NAME JUUMc5pLO
1 576 NAME JJ3XPAgzNP
1 577 NAME DOi7p3oIN
1 578 NAME koI1u95Kt0
1 579 NAME JZNJMCU5sv
1 580 NAME lWNVnMsfbn
1 581 NAME IDi28NMdIi
1 582 NAME JtmIZZWzrx
1 583 NAME RlTBlTkqbx
1 584 NAME cH9n7z115x
1 585 NAME c17oMBuGvE
1 586 NAME EuJfkJrOJK
1 587 NAME CRHUQ9hJ7G
1 588 NAME Wkbd7DF04S
1 589 NAME zyJ3K3wiGJ
1 590 NAME sbfOA4pSfh
1 591 NAME NjYxIDK2tX
1 592 NAME hK2eCGebl
1 593 NAME HWchQ0GBzD
1 594 NAME Ug7MxfPxC5
1 595 NAME WTNYd4Mvi
1 596 NAME SSOdLmIoej
1 597 NAME AzzKTsiSsf
1 598 NAME LpJVG4YA3
1 599 NAME JRNiq4uAp6
1 601 NAME gfVfqLjsCt
1 602 NAME vCRQUwN9X
1 603 NAME bTooifEsOC
1 604 NAME let4my3kK
1 605 NAME LcEEWqX4u1
1 606 NAME MXYhcxvRPD
1 607 NAME qN51VX5rao
1 608 NAME ApvwPMgQbT
1 610 NAME nRmo95zoqw
1 611 NAME ExgYiNJekq
1 612 NAME ciRoyinVOg
1 613 NAME AY0IniZpo
1 614 NAME MxZn9aVa2T
1 615 NAME WYcfvw6M2K
1 616 NAME NzmI1OYKeh
1 617 NAME vhLxZ7tdqL
1 618 NAME JVgsjzqQ6F
1 619 NAME V7IRVh6igw
1 620 NAME hGEZIY3vp
1 621 NAME Tj8dGpE8hs
1 622 NAME CmUoOKnQEl
1 623 NAME mIcFwJvzZm
1 624 NAME T18ouF3ncl
1 625 NAME DwYEduxBli
1 626 NAME BW2vklWvLO
1 627 NAME UUnzWoFZQt
1 628 NAME Mq2I41LY6
1 629 NAME fADhfSAMB7
1 630 NAME Y8yHRJZr6t
1 631 NAME uHlJ8jn3FA
1 632 NAME mvc3l28VCq
1 633 NAME cjKDKLVcwD
1 634 NAME L4bwrzOdm
1 635 NAME X2iCFglbG0
1 636 NAME iZQQj9srUk
1 637 NAME NCj3bkd00E
1 638 NAME kvluaojZVU
1 639 NAME hoVLzKM8t
1 640 NAME lxNiXdUagg
1 641 NAME kbT1RR3XR5
1 642 NAME o3V7BVP209
1 643 NAME nIVDc54uwA
1 644 NAME QymIQcXZib
1 645 NAME hfEAEJUcC
1 646 NAME fOTzubvmAB
1 647 NAME jTWefCPICm
1 648 NAME y1GeSFWjBe
1 649 NAME r0YpCcxiwT
1 650 NAME gY8OTKV44a
1 651 NAME FXSic9ntNj
1 652 NAME WnjxOM46y9
1 653 NAME nmz7GGhdQ0
1 654 NAME Nr5zHVVKE9
1 655 NAME UonlFT4Ai8
1 656 NAME NDgvLDgYH
1 657 NAME QGGkIjh4ip
1 658 NAME dIQLr1Khbo
1 660 NAME RKTNxoLyNr
1 661 NAME Qkz6X4u8oV
1 662 NAME nF33sXwchQ
1 663 NAME JXS005aOVv
1 664 NAME dWoMNglNhq
1 665 NAME pNIXMMHY7Y
1 666 NAME A0wGhcYX1j
1 667 NAME n7UPwNu0Wn
1 668 NAME Jm9qqlJMa
1 669 NAME cnPDPjWZWu
1 670 NAME xdUgOmCHbL
1 671 NAME PcnhxVAlVj
1 672 NAME uhQh1Qxy9a
1 673 NAME QPKLowIakW
1 674 NAME Jf7YfbE54d
1 675 NAME N89Wz6qVN
1 676 NAME JeDJlgPIP
1 677 NAME cb9dCSla7K
1 678 NAME HbYLHInHHI
1 679 NAME hijqsKoLWE
1 680 NAME lDEd3DwRRs
1 681 NAME xrCRPN1HXc
1 682 NAME qAV3p2vYRM
1 683 NAME K2yBWe7uEN
1 684 NAME k3l10C6TE
1 685 NAME iEv7FT2Ju5
1 686 NAME G6kJPDhHpL
1 687 NAME NNQnC3RQh7
1 688 NAME SCZMoTgsBW
1 689 NAME j6taMYuq67
1 690 NAME XMzLEP8faC
1 691 NAME ksRCY8CtvE
1 692 NAME gGtysfgBZh
1 693 NAME BX1ankLMnd
1 694 NAME OxlAH5EbZe
1 695 NAME OJBunu5ASp
1 696 NAME qJa48MGYwN
1 697 NAME YTuJoi3NgE
1 698 NAME Xa9hsjADI
1 699 NAME ydvwXN5JD
1 700 NAME oKASYoNUoY
1 702 NAME pERgoz2QBx
1 703 NAME sj3oyXMTlA
1 704 NAME eLyo3cROId
1 705 NAME svKJfQiFXW
1 706 NAME HG57utPWdt
1 707 NAME FEMbcYYG0a
1 708 NAME VYAr65BA4
1 709 NAME gp2tAIl85M
1 710 NAME W9ceoQWZTs
1 711 NAME sQY9SP9ycr
1 712 NAME QGnCdbLlnf
1 713 NAME gZBg28tcKX
1 714 NAME TiXecomZt1
1 715 NAME iJOYyl2shq
1 716 NAME cWVVd8ub2k
1 717 NAME X0Xu42O49E
1 718 NAME OvND3uiur
1 719 NAME fkacOreIZB
1 720 NAME pkkKevEk5r
1 721 NAME hFQQA7WvZL
1 722 NAME da300ntCCN
1 723 NAME Wz9gyG99BF
1 724 NAME zBdMAjnVZN
1 725 NAME vJpWCCmOW
1 726 NAME MeBw7HhAYb
1 727 NAME Xa7iayWwLf
1 728 NAME rxIwQC9yEo
1 729 NAME fAQjf3Hnmj
1 730 NAME YFJ8kYAr7o
1 731 NAME utkfE2nzYc
1 732 NAME bgKNM7KZS2
1 733 NAME Khqy4YItLh
1 734 NAME RltQHdiQ7
1 735 NAME SQt4t0UAqf
1 736 NAME jWQxO9doEs
1 737 NAME ieNomYKsOF
1 738 NAME zS0RNPF0TA
1 739 NAME e4NYqZJchM
1 740 NAME ezeEJLOdZa
1 741 NAME wIiVXmvtDT
1 742 NAME i4mritlQaq
1 743 NAME RZZVyz4DDZ
1 744 NAME uYQg9rUuw9
1 745 NAME UD6UXc5RX2
1 746 NAME UtWLXb6KD
1 747 NAME LjLM6gQkd6
1 748 NAME y54WCJaPuW
1 749 NAME QWysKu7UTA
1 750 NAME souBSsRnHw
1 751 NAME g1GEZrfpMj
1 752 NAME k3Ng2guDb
1 753 NAME EmGXNsSRvN
1 754 NAME CrpAJJlSAm
1 755 NAME UDUeEMHB5f
1 756 NAME l4Qv9LOGlF
1 757 NAME pMVBCZiMx3
1 758 NAME oa7MWwi7cO
1 759 NAME NWcN1jWdPz
1 760 NAME ImiuiexoRh
1 761 NAME RgGgETsWlr
1 762 NAME vQsYLN37yK
1 763 NAME AEgfQ2oxIN
1 764 NAME HfIT4fO1yz
1 765 NAME dI7qWrSMQo
1 766 NAME GNNLtMwbKW
1 767 NAME XBlWzadPMo
1 768 NAME g6gfeMdUqa
1 769 NAME Qn8Mh40U0l
1 770 NAME CBOMtUiiMc
1 771 NAME qk4kSBLfjw
1 772 NAME B2R2Otlvy0
1 773 NAME lbzqNSuO2E
1 774 NAME aL6XJuzVUm
1 775 NAME Tcxej9u3hZ
1 776 NAME dKDD2qDEXa
1 777 NAME kSIzcHOwVW
1 778 NAME TANafdIEH1
1 779 NAME RKjGUJgeeg
1 780 NAME OtkoQ9m6HG
1 781 NAME bJLFqPJGyI
1 782 NAME H8Y5bkORRP
1 783 NAME llRjFifSXb
1 784 NAME WAUNt3TWD1
1 785 NAME RVyjbpwGCP
1 786 NAME TCnON4BOYH
1 787 NAME QLxL8luS8j
1 788 NAME plrFXsLhB0
1 789 NAME phlqpiwnSE
1 790 NAME yp6YemSYAI
1 791 NAME sHN5y8Sbw2
1 792 NAME fdLT189hKD
1 793 NAME JjFM4jQdPA
1 794 NAME PU7Tq7y5jC
1 795 NAME yaSKNpdbqe
1 796 NAME GMKQaaDLVW
1 797 NAME gU27sei2XY
1 798 NAME L3dohEbFRZ
1 799 NAME S2QgucN0ka
1 800 NAME UuMceaoFK
1 801 NAME Qi5MQBOCom
1 802 NAME TP2mznrzff
1 803 NAME ELig3HzBSR
1 804 NAME uSuVM3ulM0
1 805 NAME JrFCRToGQN
1 807 NAME c8QNF33QPj
1 808 NAME yn9SMyOZTf
1 809 NAME zJp795I7fV
1 810 NAME HvLWGZwrv
1 811 NAME Axbi5PeATP
1 812 NAME ZqIXGeVGU
1 813 NAME LhdeahGA2X
1 814 NAME v6jWxf6wZW
1 815 NAME nXf9qitQaq
1 817 NAME RdRRZV8cFI
1 818 NAME xddQBUw1fx
1 819 NAME ya1ibTheh5
1 820 NAME trKqHwXhXh
1 822 NAME bmyhkyLil5
1 823 NAME SIozO9H7Pr
1 824 NAME JC9VTAWInZ
1 825 NAME RXFqocvzJH
1 826 NAME wg5EKVJk8g
1 827 NAME a4SV14eH1i
1 828 NAME klPh9n86D
1 829 NAME abS8ynTmWI
1 830 NAME KX9Bl1vrrf
1 831 NAME kMEnWvZKJ
1 832 NAME z1qEG2wyZk
1 833 NAME ieOZrWVyaS
1 834 NAME URpvhnx2Xf
1 835 NAME UMszlKO7wY
1 836 NAME WnDnWWMaky
1 837 NAME bYdFHa5eRl
1 838 NAME BxiePAPAGG
1 839 NAME DZ9UphJjHf
1 840 NAME jfxxIwzSMo
1 841 NAME Q2KTGlBIMU
1 842 NAME KZ0T3y3cQ2
1 843 NAME ADeul1fNC9
1 844 NAME theOG2LNJo
1 845 NAME Tb7rlYrHVB
1 846 NAME DrHUpZmyTP
1 847 NAME SFZVz1em6g
1 848 NAME ndQetFgLHN
1 849 NAME yA1uwbGAUs
1 850 NAME JibRWRQWc2
1 851 NAME RrTXlC80aw
1 852 NAME aVlmvy1yOT
1 853 NAME VG6o6snWYu
1 854 NAME c5ghdI8AnD
1 855 NAME adD6dRuiWr
1 856 NAME NFuANew8GZ
1 857 NAME d9pOEfynIw
1 858 NAME eawqdPenXV
1 859 NAME L9ww2F8OzO
1 860 NAME RUI7LgzibL
1 861 NAME dVW0YAtqq1
1 862 NAME l8UoV0qte
1 863 NAME VP1J9e9FT6
1 864 NAME TGJ7ePfGj
1 865 NAME RfkAhHZ4HX
1 866 NAME rmFAG7nCS
1 867 NAME swGZobhT2M
1 868 NAME M2SdP1LUH
1 869 NAME CD70BJEPvk
1 870 NAME pPyWL8tscH
1 871 NAME PGg9vRJTxT
1 872 NAME ZP38TbUiP6
1 873 NAME i7Djjlqamn
1 874 NAME tMEysEBvlx
1 875 NAME em4kgRzy2y
1 876 NAME yPHJcSika6
1 877 NAME MASM1xpqGZ
1 878 NAME eh1AbUqXfe
1 879 NAME km6ueD7IIH
1 880 NAME aqoWdKSrT
1 881 NAME rRuEEzrEFV
1 882 NAME XjnQjitFiP
1 883 NAME CL5HivcGK
1 884 NAME QtrufkFt5b
1 885 NAME Jn71JqxtvA
1 886 NAME WgdD4jKDsf
1 887 NAME d6mrTPNveI
1 888 NAME CYzT5SAct
1 889 NAME JY8STjr70I
1 890 NAME WBME7t9tJs
1 891 NAME ssZvMEmqZK
1 892 NAME VoccG1nZqN
1 893 NAME pPrq9wclsl
1 894 NAME OM3M72TWDk
1 896 NAME dvOpvz5S9
1 897 NAME KRDH3lH0Xg
1 898 NAME Z4qzGeydLd
1 899 NAME oFUgKzD2TF
1 900 NAME wx9AEqMVVQ
1 901 NAME jZOeNQZmMI
1 902 NAME BSUnmQXH10
1 903 NAME MmdbUs5wG
1 904 NAME OhGgPDPeLG
1 905 NAME kcOvea40QL
1 906 NAME I7qYcdVI7q
1 907 NAME eSD4UcE0Y6
1 908 NAME Xjk7ysQAxa
1 909 NAME U6d6UYQO4w
1 910 NAME lwHh9H3LMl
1 911 NAME GUKWkHx15Z
1 912 NAME uyhuyOK77
1 913 NAME ezjESW9ANf
1 914 NAME qdkqzuTSEa
1 915 NAME wj5xPO4Tp
1 916 NAME QtOwxIA6kO
1 917 NAME guwWoF1U7x
1 918 NAME tQySXmEBnI
1 919 NAME RnYUl9Oz1S
1 920 NAME XwAAusxfc8
1 921 NAME fN24Wv16j
1 922 NAME g5Dkg9Cl6j
1 923 NAME Csqd306C0e
1 925 NAME KckGOhRyUL
1 926 NAME HAzcIatrPn
1 927 NAME W0BghyDZD
1 928 NAME WIAzMKJl5
1 929 NAME IqySM6QPU4
1 930 NAME ttqGdAYneQ
1 931 NAME lFP3Ez6prg
1 932 NAME f8fRxxf6gX
1 933 NAME PbOKZpNhF
1 934 NAME LguTvGAyH
1 936 NAME dQJMX4vbcX
1 937 NAME Bso0HWVJ4L
1 938 NAME YPvpfMCADS
1 939 NAME XIkMXnbF4d
1 940 NAME O4akMDbU07
1 941 NAME HmxXtlU4UN
1 942 NAME eqRRqGQyLo
1 943 NAME jFLYA7i3CQ
1 944 NAME AW1DglfwWv
1 945 NAME VawZaoEh5S
1 946 NAME utuh7zqzZr
1 947 NAME Owo2efGkLJ
1 948 NAME uKO7CmeIj
1 949 NAME NWC8tbBNdt
1 950 NAME m4hq9odYdQ
1 951 NAME Qea5RuHF0E
1 952 NAME do29o5oXv1
1 953 NAME dMQkt8c1Qc
1 954 NAME A0x13HqjVb
1 955 NAME chgCz8tS5Y
1 956 NAME LsTgRTTcGT
1 957 NAME slOaDUKo51
1 958 NAME Xxz0JOxlC5
1 959 NAME oaorndhUdz
1 960 NAME mVMITu7baG
1 961 NAME XttYL9Y0mZ
1 962 NAME wGqiDrKnjg
1 963 NAME eJ1k6eqqI
1 964 NAME CiTWLBsciD
1 965 NAME rh7Rg2TXC
1 966 NAME RLb0wUeXz3
1 967 NAME vrtUixJfAI
1 968 NAME nyxYOWuKXf
1 969 NAME SptqsXK6qr
1 970 NAME sUhD6xrrzZ
1 971 NAME xzriHKebt
1 972 NAME uSz5Lkl1N
1 973 NAME XfDqjtBdED
1 974 NAME b8y05v33Ds
1 975 NAME DZnWtUF8Y
1 976 NAME eRVehFHm4D
1 977 NAME fmBKPeNsIF
1 978 NAME Xlzzy68W6
1 979 NAME ToRaRiaTJo
1 980 NAME jXyQezZJj
1 981 NAME hA7lV8tZuy
1 982 NAME YjueXfOSy5
1 983 NAME iY3ozv0OIH
1 984 NAME I3Tp7TLUiO
1 985 NAME FZIDdMM8yo
1 986 NAME cD6BxBHQJQ
1 987 NAME SXF9IVe6eI
1 988 NAME TjwRxEVUG
1 989 NAME d8yAXQ9kY
1 990 NAME vRYkxB9Pm7
1 991 NAME xLyD9WcuP
1 992 NAME r0Yn6A3rgy
1 993 NAME zWVBCmyLjM
1 994 NAME dWeYa6HPAm
1 995 NAME c5QRq4qKgk
1 996 NAME jNYiXdfy9r
1 997 NAME VKg8Ii8Isw
1 998 NAME VL68CW1fcK
1 999 NAME F1WiBd593
1 1000 NAME zLhQxRf0sH
